<html>
<body>
<pre>
<h1>µVision Build Log</h1>
<h2>Tool Versions:</h2>
IDE-Version: ¦ÌVision V5.39.0.0
Copyright (C) 2023 ARM Ltd and ARM Germany GmbH. All rights reserved.
License Information: karl p, HP Inc., LIC=MPPLD-805L0-Y86FK-ZNNPA-3MT3K-IB9BE
 
Tool Versions:
Toolchain:       MDK-ARM Plus  Version: 5.39.0.0
Toolchain Path:  C:\Keil_v5\ARM\ARMCLANG\Bin
C Compiler:      ArmClang.exe V6.21
Assembler:       Armasm.exe V6.21
Linker/Locator:  ArmLink.exe V6.21
Library Manager: ArmAr.exe V6.21
Hex Converter:   FromElf.exe V6.21
CPU DLL:         SARMCM3.DLL V5.39.0.0
Dialog DLL:      DCM.DLL V1.17.5.0
Target DLL:      CMSIS_AGDI.dll V1.33.16.0
Dialog DLL:      TCM.DLL V1.56.4.0
 
<h2>Project:</h2>
C:\Users\34049\Desktop\Intelligence Vision\project\mdk\rt1064.uvprojx
Project File Date:  10/26/2024

<h2>Output:</h2>
*** Using Compiler 'V6.21', folder: 'C:\Keil_v5\ARM\ARMCLANG\Bin'
Build target 'nor_sdram_zf_dtcm'
../code/wifi.c(79): warning: non-void function does not return a value in all control paths [-Wreturn-type]
   79 | }
      | ^
1 warning generated.
compiling wifi.c...
linking...
Program Size: Code=88164 RO-data=11224 RW-data=632 ZI-data=137032  
".\Objects\rt1064.axf" - 0 Error(s), 1 Warning(s).

<h2>Software Packages used:</h2>

Package Vendor: NXP
                https://mcuxpresso.nxp.com/cmsis_pack/repo/NXP.MIMXRT1064_DFP.18.0.0.pack
                NXP::MIMXRT1064_DFP@18.0.0
                Device Family Pack for MIMXRT1064

<h2>Collection of Component include folders:</h2>
  C:/Keil_v5/ARM/PACK/NXP/MIMXRT1064_DFP/18.0.0/devices/MIMXRT1064

<h2>Collection of Component Files used:</h2>
Build Time Elapsed:  00:00:02
</pre>
</body>
</html>
