<html>
<body>
<pre>
<h1>µVision Build Log</h1>
<h2>Tool Versions:</h2>
IDE-Version: ¦ÌVision V5.41.0.0
Copyright (C) 2024 ARM Ltd and ARM Germany GmbH. All rights reserved.
License Information: karl p, HP Inc., LIC=MPPLD-805L0-Y86FK-ZNNPA-3MT3K-IB9BE
 
Tool Versions:
Toolchain:       MDK-ARM Plus  Version: 5.41.0.0
Toolchain Path:  C:\Keil_v5\ARM\ARMCLANG\Bin
C Compiler:      ArmClang.exe V6.22
Assembler:       Armasm.exe V6.22
Linker/Locator:  ArmLink.exe V6.22
Library Manager: ArmAr.exe V6.22
Hex Converter:   FromElf.exe V6.22
CPU DLL:         SARMCM3.DLL V5.41.0.0
Dialog DLL:      DCM.DLL V1.17.5.0
Target DLL:      CMSIS_AGDI.dll V1.33.21.0
Dialog DLL:      TCM.DLL V1.56.4.0
 
<h2>Project:</h2>
C:\Users\34049\Desktop\Intelligence Vision\project\mdk\rt1064.uvprojx
Project File Date:  11/05/2024

<h2>Output:</h2>
*** Using Compiler 'V6.22', folder: 'C:\Keil_v5\ARM\ARMCLANG\Bin'
Build target 'nor_sdram_zf_dtcm'
compiling pid.c...
compiling seekfree_assistant_interface.c...
compiling zf_device_wifi_spi.c...
compiling Image_process.c...
compiling attitude.c...
compiling cross.c...
compiling main.c...
compiling motor.c...
../code/vofa.c(2): warning: In file included from...
../code\vofa.h(25): warning: a function declaration without a prototype is deprecated in all versions of C and is treated as a zero-parameter prototype in C23, conflicting with a subsequent definition [-Wdeprecated-non-prototype]
   25 | void Image_Send();
      |      ^
../code/vofa.c(108): note: conflicting prototype is here
  108 | void Image_Send(const uint8 *image_addr, uint32 image_size)
      |      ^
1 warning generated.
compiling vofa.c...
compiling ppersuit.c...
compiling auto_drive.c...
compiling filter.c...
compiling IPM.c...
compiling encoder.c...
compiling wifi.c...
compiling isr.c...
linking...
Program Size: Code=78144 RO-data=12624 RW-data=348 ZI-data=103756  
".\Objects\rt1064.axf" - 0 Error(s), 1 Warning(s).

<h2>Software Packages used:</h2>

Package Vendor: NXP
                https://mcuxpresso.nxp.com/cmsis_pack/repo/NXP.MIMXRT1064_DFP.18.0.0.pack
                NXP::MIMXRT1064_DFP@18.0.0
                Device Family Pack for MIMXRT1064

<h2>Collection of Component include folders:</h2>
  C:/Keil_v5/ARM/PACK/NXP/MIMXRT1064_DFP/18.0.0/devices/MIMXRT1064

<h2>Collection of Component Files used:</h2>
Build Time Elapsed:  00:00:04
</pre>
</body>
</html>
